// Vitest Snapshot v1, https://vitest.dev/guide/snapshot.html

exports[`pty: /resume > lists the session, replays it as text, and never prints raw JSON 1`] = `
"[csi:1A][CR][erase-below][accent]╭─[/color][accentStrong][bold] procway-code [/intensity][/color][accent]───────────────────────────────────────────────────────────────╮[/color]
[accent]│[/color][muted] workspace  [/color]<workspace-row>
[accent]│[/color][muted] model      [/color]openai-main:gpt-test                                              [accent]│[/color]
[accent]│[/color][muted] approval   [/color]auto-readonly                                                     [accent]│[/color]
[accent]│[/color][muted] session    [/color]<session-id>                                          [accent]│[/color]
[accent]╰──────────────────────────────────────────────────────────────────────────────╯[/color]
[success][bold]Tip[/intensity][/color] [accentStrong]/help[/color] commands  [accentStrong]/config setup[/color] provider  [accentStrong]Ctrl+J[/color] newline  [accentStrong]Ctrl+C[/color] interrupt

[accentStrong][bold]You[/intensity][/color]: run the unit tests

[success]✓[/color] [accent][bold]run_shell[/intensity][/color][muted](command="pnpm test")[/color]

All 1483 tests passed.
"
`;

exports[`pty: /resume > lists the session, replays it as text, and never prints raw JSON 2`] = `
"[CR][erase-below][accent]╭─[/color] [bold]workspace[/intensity][muted] · [/color][muted]openai-main:gpt-test[/color][muted] · [/color][muted]auto-readonly[/color][CR]
[accentStrong][bold]╰─❯[/intensity][/color] [CR][csi:4C][CR]
[paste-off][CR][clear-line]
[dim]Resume this session:[/intensity]
[dim]  node <cli> resume <session-id>[/intensity]
"
`;
